#-----------------------------------------------------------
# Vivado v2025.1 (64-bit)
# SW Build 6140274 on Thu May 22 00:12:29 MDT 2025
# IP Build 6138677 on Thu May 22 03:10:11 MDT 2025
# SharedData Build 6139179 on Tue May 20 17:58:58 MDT 2025
# Start of session at: Fri Oct 24 19:11:51 2025
# Process ID         : 17728
# Current directory  : D:/Abidul_Qohar/Github/WS_picorv32
# Command line       : vivado.exe -mode batch -source viv/tcl/build.tcl -log viv/out/log/vivado.log -journal viv/out/log/vivado.jou
# Log file           : D:/Abidul_Qohar/Github/WS_picorv32/viv/out/log/vivado.log
# Journal file       : D:/Abidul_Qohar/Github/WS_picorv32\viv/out/log/vivado.jou
# Running On         : Abid
# Platform           : Windows Server 2016 or Windows 10
# Operating System   : 26200
# Processor Detail   : 11th Gen Intel(R) Core(TM) i5-1135G7 @ 2.40GHz
# CPU Frequency      : 2419 MHz
# CPU Physical cores : 4
# CPU Logical cores  : 8
# Host memory        : 8254 MB
# Swap memory        : 14495 MB
# Total Virtual      : 22750 MB
# Available Virtual  : 11767 MB
#-----------------------------------------------------------
source viv/tcl/build.tcl
# source logical/viv/tcl/set_variables.tcl
couldn't read file "logical/viv/tcl/set_variables.tcl": no such file or directory
    while executing
"source logical/viv/tcl/set_variables.tcl"
    (file "viv/tcl/build.tcl" line 1)
INFO: [Common 17-206] Exiting Vivado at Fri Oct 24 19:11:53 2025...
